// Jest Snapshot v1, https://goo.gl/fbAQLP

exports[`UserInput renders correctly 1`] = `
<div
  id="input-container"
>
  <label
    for="user-input"
  >
    What's your name?
  </label>
   
  <input
    autofocus="autofocus"
    id="user-input"
    type="text"
  />
</div>
`;
